// Jest Snapshot v1, https://goo.gl/fbAQLP

exports[`<ChooseDisplay /> should display a ChooseDisplay which update variable 3Days 1`] = `
{
  "asFragment": [Function],
  "baseElement": <body>
    <div>
      <button
        class="MuiButtonBase-root MuiButton-root MuiButton-text MuiButton-textPrimary MuiButton-sizeMedium MuiButton-textSizeMedium MuiButton-root MuiButton-text MuiButton-textPrimary MuiButton-sizeMedium MuiButton-textSizeMedium css-n0o87-MuiButtonBase-root-MuiButton-root"
        data-testid="day-view-button"
        tabindex="0"
        type="button"
      >
        Day
        <span
          class="MuiTouchRipple-root css-8je8zh-MuiTouchRipple-root"
        >
          <span
            class="css-y4cjyz-MuiTouchRipple-ripple MuiTouchRipple-ripple MuiTouchRipple-rippleVisible"
            style="width: 2.8284271247461903px; height: 2.8284271247461903px; top: -1.4142135623730951px; left: -1.4142135623730951px;"
          >
            <span
              class="MuiTouchRipple-child MuiTouchRipple-childLeaving"
            />
          </span>
        </span>
      </button>
      <button
        class="MuiButtonBase-root MuiButton-root MuiButton-text MuiButton-textPrimary MuiButton-sizeMedium MuiButton-textSizeMedium MuiButton-root MuiButton-text MuiButton-textPrimary MuiButton-sizeMedium MuiButton-textSizeMedium css-n0o87-MuiButtonBase-root-MuiButton-root"
        data-testid="3days-view-button"
        tabindex="0"
        type="button"
      >
        3 Days
        <span
          class="MuiTouchRipple-root css-8je8zh-MuiTouchRipple-root"
        >
          <span
            class="css-y4cjyz-MuiTouchRipple-ripple MuiTouchRipple-ripple MuiTouchRipple-rippleVisible"
            style="width: 2.8284271247461903px; height: 2.8284271247461903px; top: -1.4142135623730951px; left: -1.4142135623730951px;"
          >
            <span
              class="MuiTouchRipple-child MuiTouchRipple-childLeaving"
            />
          </span>
        </span>
      </button>
      <button
        class="MuiButtonBase-root MuiButton-root MuiButton-text MuiButton-textPrimary MuiButton-sizeMedium MuiButton-textSizeMedium MuiButton-root MuiButton-text MuiButton-textPrimary MuiButton-sizeMedium MuiButton-textSizeMedium css-n0o87-MuiButtonBase-root-MuiButton-root"
        data-testid="week-view-button"
        tabindex="0"
        type="button"
      >
        Week
        <span
          class="MuiTouchRipple-root css-8je8zh-MuiTouchRipple-root"
        >
          <span
            class="css-y4cjyz-MuiTouchRipple-ripple MuiTouchRipple-ripple MuiTouchRipple-rippleVisible"
            style="width: 2.8284271247461903px; height: 2.8284271247461903px; top: -1.4142135623730951px; left: -1.4142135623730951px;"
          >
            <span
              class="MuiTouchRipple-child MuiTouchRipple-childLeaving"
            />
          </span>
        </span>
      </button>
      <button
        class="MuiButtonBase-root MuiButton-root MuiButton-text MuiButton-textPrimary MuiButton-sizeMedium MuiButton-textSizeMedium MuiButton-root MuiButton-text MuiButton-textPrimary MuiButton-sizeMedium MuiButton-textSizeMedium css-n0o87-MuiButtonBase-root-MuiButton-root"
        data-testid="month-view-button"
        tabindex="0"
        type="button"
      >
        Month
        <span
          class="MuiTouchRipple-root css-8je8zh-MuiTouchRipple-root"
        >
          <span
            class="css-y4cjyz-MuiTouchRipple-ripple MuiTouchRipple-ripple MuiTouchRipple-rippleVisible"
            style="width: 2.8284271247461903px; height: 2.8284271247461903px; top: -1.4142135623730951px; left: -1.4142135623730951px;"
          >
            <span
              class="MuiTouchRipple-child MuiTouchRipple-childLeaving"
            />
          </span>
        </span>
      </button>
    </div>
  </body>,
  "container": <div>
    <button
      class="MuiButtonBase-root MuiButton-root MuiButton-text MuiButton-textPrimary MuiButton-sizeMedium MuiButton-textSizeMedium MuiButton-root MuiButton-text MuiButton-textPrimary MuiButton-sizeMedium MuiButton-textSizeMedium css-n0o87-MuiButtonBase-root-MuiButton-root"
      data-testid="day-view-button"
      tabindex="0"
      type="button"
    >
      Day
      <span
        class="MuiTouchRipple-root css-8je8zh-MuiTouchRipple-root"
      >
        <span
          class="css-y4cjyz-MuiTouchRipple-ripple MuiTouchRipple-ripple MuiTouchRipple-rippleVisible"
          style="width: 2.8284271247461903px; height: 2.8284271247461903px; top: -1.4142135623730951px; left: -1.4142135623730951px;"
        >
          <span
            class="MuiTouchRipple-child MuiTouchRipple-childLeaving"
          />
        </span>
      </span>
    </button>
    <button
      class="MuiButtonBase-root MuiButton-root MuiButton-text MuiButton-textPrimary MuiButton-sizeMedium MuiButton-textSizeMedium MuiButton-root MuiButton-text MuiButton-textPrimary MuiButton-sizeMedium MuiButton-textSizeMedium css-n0o87-MuiButtonBase-root-MuiButton-root"
      data-testid="3days-view-button"
      tabindex="0"
      type="button"
    >
      3 Days
      <span
        class="MuiTouchRipple-root css-8je8zh-MuiTouchRipple-root"
      >
        <span
          class="css-y4cjyz-MuiTouchRipple-ripple MuiTouchRipple-ripple MuiTouchRipple-rippleVisible"
          style="width: 2.8284271247461903px; height: 2.8284271247461903px; top: -1.4142135623730951px; left: -1.4142135623730951px;"
        >
          <span
            class="MuiTouchRipple-child MuiTouchRipple-childLeaving"
          />
        </span>
      </span>
    </button>
    <button
      class="MuiButtonBase-root MuiButton-root MuiButton-text MuiButton-textPrimary MuiButton-sizeMedium MuiButton-textSizeMedium MuiButton-root MuiButton-text MuiButton-textPrimary MuiButton-sizeMedium MuiButton-textSizeMedium css-n0o87-MuiButtonBase-root-MuiButton-root"
      data-testid="week-view-button"
      tabindex="0"
      type="button"
    >
      Week
      <span
        class="MuiTouchRipple-root css-8je8zh-MuiTouchRipple-root"
      >
        <span
          class="css-y4cjyz-MuiTouchRipple-ripple MuiTouchRipple-ripple MuiTouchRipple-rippleVisible"
          style="width: 2.8284271247461903px; height: 2.8284271247461903px; top: -1.4142135623730951px; left: -1.4142135623730951px;"
        >
          <span
            class="MuiTouchRipple-child MuiTouchRipple-childLeaving"
          />
        </span>
      </span>
    </button>
    <button
      class="MuiButtonBase-root MuiButton-root MuiButton-text MuiButton-textPrimary MuiButton-sizeMedium MuiButton-textSizeMedium MuiButton-root MuiButton-text MuiButton-textPrimary MuiButton-sizeMedium MuiButton-textSizeMedium css-n0o87-MuiButtonBase-root-MuiButton-root"
      data-testid="month-view-button"
      tabindex="0"
      type="button"
    >
      Month
      <span
        class="MuiTouchRipple-root css-8je8zh-MuiTouchRipple-root"
      >
        <span
          class="css-y4cjyz-MuiTouchRipple-ripple MuiTouchRipple-ripple MuiTouchRipple-rippleVisible"
          style="width: 2.8284271247461903px; height: 2.8284271247461903px; top: -1.4142135623730951px; left: -1.4142135623730951px;"
        >
          <span
            class="MuiTouchRipple-child MuiTouchRipple-childLeaving"
          />
        </span>
      </span>
    </button>
  </div>,
  "debug": [Function],
  "findAllByAltText": [Function],
  "findAllByDisplayValue": [Function],
  "findAllByLabelText": [Function],
  "findAllByPlaceholderText": [Function],
  "findAllByRole": [Function],
  "findAllByTestId": [Function],
  "findAllByText": [Function],
  "findAllByTitle": [Function],
  "findByAltText": [Function],
  "findByDisplayValue": [Function],
  "findByLabelText": [Function],
  "findByPlaceholderText": [Function],
  "findByRole": [Function],
  "findByTestId": [Function],
  "findByText": [Function],
  "findByTitle": [Function],
  "getAllByAltText": [Function],
  "getAllByDisplayValue": [Function],
  "getAllByLabelText": [Function],
  "getAllByPlaceholderText": [Function],
  "getAllByRole": [Function],
  "getAllByTestId": [Function],
  "getAllByText": [Function],
  "getAllByTitle": [Function],
  "getByAltText": [Function],
  "getByDisplayValue": [Function],
  "getByLabelText": [Function],
  "getByPlaceholderText": [Function],
  "getByRole": [Function],
  "getByTestId": [Function],
  "getByText": [Function],
  "getByTitle": [Function],
  "queryAllByAltText": [Function],
  "queryAllByDisplayValue": [Function],
  "queryAllByLabelText": [Function],
  "queryAllByPlaceholderText": [Function],
  "queryAllByRole": [Function],
  "queryAllByTestId": [Function],
  "queryAllByText": [Function],
  "queryAllByTitle": [Function],
  "queryByAltText": [Function],
  "queryByDisplayValue": [Function],
  "queryByLabelText": [Function],
  "queryByPlaceholderText": [Function],
  "queryByRole": [Function],
  "queryByTestId": [Function],
  "queryByText": [Function],
  "queryByTitle": [Function],
  "rerender": [Function],
  "unmount": [Function],
}
`;

exports[`<ChooseDisplay /> should display a ChooseDisplay which update variable day 1`] = `
{
  "asFragment": [Function],
  "baseElement": <body>
    <div>
      <button
        class="MuiButtonBase-root MuiButton-root MuiButton-text MuiButton-textPrimary MuiButton-sizeMedium MuiButton-textSizeMedium MuiButton-root MuiButton-text MuiButton-textPrimary MuiButton-sizeMedium MuiButton-textSizeMedium css-n0o87-MuiButtonBase-root-MuiButton-root"
        data-testid="day-view-button"
        tabindex="0"
        type="button"
      >
        Day
        <span
          class="MuiTouchRipple-root css-8je8zh-MuiTouchRipple-root"
        >
          <span
            class="css-y4cjyz-MuiTouchRipple-ripple MuiTouchRipple-ripple MuiTouchRipple-rippleVisible"
            style="width: 2.8284271247461903px; height: 2.8284271247461903px; top: -1.4142135623730951px; left: -1.4142135623730951px;"
          >
            <span
              class="MuiTouchRipple-child MuiTouchRipple-childLeaving"
            />
          </span>
        </span>
      </button>
      <button
        class="MuiButtonBase-root MuiButton-root MuiButton-text MuiButton-textPrimary MuiButton-sizeMedium MuiButton-textSizeMedium MuiButton-root MuiButton-text MuiButton-textPrimary MuiButton-sizeMedium MuiButton-textSizeMedium css-n0o87-MuiButtonBase-root-MuiButton-root"
        data-testid="3days-view-button"
        tabindex="0"
        type="button"
      >
        3 Days
        <span
          class="MuiTouchRipple-root css-8je8zh-MuiTouchRipple-root"
        >
          <span
            class="css-y4cjyz-MuiTouchRipple-ripple MuiTouchRipple-ripple MuiTouchRipple-rippleVisible"
            style="width: 2.8284271247461903px; height: 2.8284271247461903px; top: -1.4142135623730951px; left: -1.4142135623730951px;"
          >
            <span
              class="MuiTouchRipple-child MuiTouchRipple-childLeaving"
            />
          </span>
        </span>
      </button>
      <button
        class="MuiButtonBase-root MuiButton-root MuiButton-text MuiButton-textPrimary MuiButton-sizeMedium MuiButton-textSizeMedium MuiButton-root MuiButton-text MuiButton-textPrimary MuiButton-sizeMedium MuiButton-textSizeMedium css-n0o87-MuiButtonBase-root-MuiButton-root"
        data-testid="week-view-button"
        tabindex="0"
        type="button"
      >
        Week
        <span
          class="MuiTouchRipple-root css-8je8zh-MuiTouchRipple-root"
        >
          <span
            class="css-y4cjyz-MuiTouchRipple-ripple MuiTouchRipple-ripple MuiTouchRipple-rippleVisible"
            style="width: 2.8284271247461903px; height: 2.8284271247461903px; top: -1.4142135623730951px; left: -1.4142135623730951px;"
          >
            <span
              class="MuiTouchRipple-child MuiTouchRipple-childLeaving"
            />
          </span>
        </span>
      </button>
      <button
        class="MuiButtonBase-root MuiButton-root MuiButton-text MuiButton-textPrimary MuiButton-sizeMedium MuiButton-textSizeMedium MuiButton-root MuiButton-text MuiButton-textPrimary MuiButton-sizeMedium MuiButton-textSizeMedium css-n0o87-MuiButtonBase-root-MuiButton-root"
        data-testid="month-view-button"
        tabindex="0"
        type="button"
      >
        Month
        <span
          class="MuiTouchRipple-root css-8je8zh-MuiTouchRipple-root"
        >
          <span
            class="css-y4cjyz-MuiTouchRipple-ripple MuiTouchRipple-ripple MuiTouchRipple-rippleVisible"
            style="width: 2.8284271247461903px; height: 2.8284271247461903px; top: -1.4142135623730951px; left: -1.4142135623730951px;"
          >
            <span
              class="MuiTouchRipple-child MuiTouchRipple-childLeaving"
            />
          </span>
        </span>
      </button>
    </div>
  </body>,
  "container": <div>
    <button
      class="MuiButtonBase-root MuiButton-root MuiButton-text MuiButton-textPrimary MuiButton-sizeMedium MuiButton-textSizeMedium MuiButton-root MuiButton-text MuiButton-textPrimary MuiButton-sizeMedium MuiButton-textSizeMedium css-n0o87-MuiButtonBase-root-MuiButton-root"
      data-testid="day-view-button"
      tabindex="0"
      type="button"
    >
      Day
      <span
        class="MuiTouchRipple-root css-8je8zh-MuiTouchRipple-root"
      >
        <span
          class="css-y4cjyz-MuiTouchRipple-ripple MuiTouchRipple-ripple MuiTouchRipple-rippleVisible"
          style="width: 2.8284271247461903px; height: 2.8284271247461903px; top: -1.4142135623730951px; left: -1.4142135623730951px;"
        >
          <span
            class="MuiTouchRipple-child MuiTouchRipple-childLeaving"
          />
        </span>
      </span>
    </button>
    <button
      class="MuiButtonBase-root MuiButton-root MuiButton-text MuiButton-textPrimary MuiButton-sizeMedium MuiButton-textSizeMedium MuiButton-root MuiButton-text MuiButton-textPrimary MuiButton-sizeMedium MuiButton-textSizeMedium css-n0o87-MuiButtonBase-root-MuiButton-root"
      data-testid="3days-view-button"
      tabindex="0"
      type="button"
    >
      3 Days
      <span
        class="MuiTouchRipple-root css-8je8zh-MuiTouchRipple-root"
      >
        <span
          class="css-y4cjyz-MuiTouchRipple-ripple MuiTouchRipple-ripple MuiTouchRipple-rippleVisible"
          style="width: 2.8284271247461903px; height: 2.8284271247461903px; top: -1.4142135623730951px; left: -1.4142135623730951px;"
        >
          <span
            class="MuiTouchRipple-child MuiTouchRipple-childLeaving"
          />
        </span>
      </span>
    </button>
    <button
      class="MuiButtonBase-root MuiButton-root MuiButton-text MuiButton-textPrimary MuiButton-sizeMedium MuiButton-textSizeMedium MuiButton-root MuiButton-text MuiButton-textPrimary MuiButton-sizeMedium MuiButton-textSizeMedium css-n0o87-MuiButtonBase-root-MuiButton-root"
      data-testid="week-view-button"
      tabindex="0"
      type="button"
    >
      Week
      <span
        class="MuiTouchRipple-root css-8je8zh-MuiTouchRipple-root"
      >
        <span
          class="css-y4cjyz-MuiTouchRipple-ripple MuiTouchRipple-ripple MuiTouchRipple-rippleVisible"
          style="width: 2.8284271247461903px; height: 2.8284271247461903px; top: -1.4142135623730951px; left: -1.4142135623730951px;"
        >
          <span
            class="MuiTouchRipple-child MuiTouchRipple-childLeaving"
          />
        </span>
      </span>
    </button>
    <button
      class="MuiButtonBase-root MuiButton-root MuiButton-text MuiButton-textPrimary MuiButton-sizeMedium MuiButton-textSizeMedium MuiButton-root MuiButton-text MuiButton-textPrimary MuiButton-sizeMedium MuiButton-textSizeMedium css-n0o87-MuiButtonBase-root-MuiButton-root"
      data-testid="month-view-button"
      tabindex="0"
      type="button"
    >
      Month
      <span
        class="MuiTouchRipple-root css-8je8zh-MuiTouchRipple-root"
      >
        <span
          class="css-y4cjyz-MuiTouchRipple-ripple MuiTouchRipple-ripple MuiTouchRipple-rippleVisible"
          style="width: 2.8284271247461903px; height: 2.8284271247461903px; top: -1.4142135623730951px; left: -1.4142135623730951px;"
        >
          <span
            class="MuiTouchRipple-child MuiTouchRipple-childLeaving"
          />
        </span>
      </span>
    </button>
  </div>,
  "debug": [Function],
  "findAllByAltText": [Function],
  "findAllByDisplayValue": [Function],
  "findAllByLabelText": [Function],
  "findAllByPlaceholderText": [Function],
  "findAllByRole": [Function],
  "findAllByTestId": [Function],
  "findAllByText": [Function],
  "findAllByTitle": [Function],
  "findByAltText": [Function],
  "findByDisplayValue": [Function],
  "findByLabelText": [Function],
  "findByPlaceholderText": [Function],
  "findByRole": [Function],
  "findByTestId": [Function],
  "findByText": [Function],
  "findByTitle": [Function],
  "getAllByAltText": [Function],
  "getAllByDisplayValue": [Function],
  "getAllByLabelText": [Function],
  "getAllByPlaceholderText": [Function],
  "getAllByRole": [Function],
  "getAllByTestId": [Function],
  "getAllByText": [Function],
  "getAllByTitle": [Function],
  "getByAltText": [Function],
  "getByDisplayValue": [Function],
  "getByLabelText": [Function],
  "getByPlaceholderText": [Function],
  "getByRole": [Function],
  "getByTestId": [Function],
  "getByText": [Function],
  "getByTitle": [Function],
  "queryAllByAltText": [Function],
  "queryAllByDisplayValue": [Function],
  "queryAllByLabelText": [Function],
  "queryAllByPlaceholderText": [Function],
  "queryAllByRole": [Function],
  "queryAllByTestId": [Function],
  "queryAllByText": [Function],
  "queryAllByTitle": [Function],
  "queryByAltText": [Function],
  "queryByDisplayValue": [Function],
  "queryByLabelText": [Function],
  "queryByPlaceholderText": [Function],
  "queryByRole": [Function],
  "queryByTestId": [Function],
  "queryByText": [Function],
  "queryByTitle": [Function],
  "rerender": [Function],
  "unmount": [Function],
}
`;

exports[`<ChooseDisplay /> should display a ChooseDisplay which update variable month 1`] = `
{
  "asFragment": [Function],
  "baseElement": <body>
    <div>
      <button
        class="MuiButtonBase-root MuiButton-root MuiButton-text MuiButton-textPrimary MuiButton-sizeMedium MuiButton-textSizeMedium MuiButton-root MuiButton-text MuiButton-textPrimary MuiButton-sizeMedium MuiButton-textSizeMedium css-n0o87-MuiButtonBase-root-MuiButton-root"
        data-testid="day-view-button"
        tabindex="0"
        type="button"
      >
        Day
        <span
          class="MuiTouchRipple-root css-8je8zh-MuiTouchRipple-root"
        >
          <span
            class="css-y4cjyz-MuiTouchRipple-ripple MuiTouchRipple-ripple MuiTouchRipple-rippleVisible"
            style="width: 2.8284271247461903px; height: 2.8284271247461903px; top: -1.4142135623730951px; left: -1.4142135623730951px;"
          >
            <span
              class="MuiTouchRipple-child MuiTouchRipple-childLeaving"
            />
          </span>
        </span>
      </button>
      <button
        class="MuiButtonBase-root MuiButton-root MuiButton-text MuiButton-textPrimary MuiButton-sizeMedium MuiButton-textSizeMedium MuiButton-root MuiButton-text MuiButton-textPrimary MuiButton-sizeMedium MuiButton-textSizeMedium css-n0o87-MuiButtonBase-root-MuiButton-root"
        data-testid="3days-view-button"
        tabindex="0"
        type="button"
      >
        3 Days
        <span
          class="MuiTouchRipple-root css-8je8zh-MuiTouchRipple-root"
        >
          <span
            class="css-y4cjyz-MuiTouchRipple-ripple MuiTouchRipple-ripple MuiTouchRipple-rippleVisible"
            style="width: 2.8284271247461903px; height: 2.8284271247461903px; top: -1.4142135623730951px; left: -1.4142135623730951px;"
          >
            <span
              class="MuiTouchRipple-child MuiTouchRipple-childLeaving"
            />
          </span>
        </span>
      </button>
      <button
        class="MuiButtonBase-root MuiButton-root MuiButton-text MuiButton-textPrimary MuiButton-sizeMedium MuiButton-textSizeMedium MuiButton-root MuiButton-text MuiButton-textPrimary MuiButton-sizeMedium MuiButton-textSizeMedium css-n0o87-MuiButtonBase-root-MuiButton-root"
        data-testid="week-view-button"
        tabindex="0"
        type="button"
      >
        Week
        <span
          class="MuiTouchRipple-root css-8je8zh-MuiTouchRipple-root"
        >
          <span
            class="css-y4cjyz-MuiTouchRipple-ripple MuiTouchRipple-ripple MuiTouchRipple-rippleVisible"
            style="width: 2.8284271247461903px; height: 2.8284271247461903px; top: -1.4142135623730951px; left: -1.4142135623730951px;"
          >
            <span
              class="MuiTouchRipple-child MuiTouchRipple-childLeaving"
            />
          </span>
        </span>
      </button>
      <button
        class="MuiButtonBase-root MuiButton-root MuiButton-text MuiButton-textPrimary MuiButton-sizeMedium MuiButton-textSizeMedium MuiButton-root MuiButton-text MuiButton-textPrimary MuiButton-sizeMedium MuiButton-textSizeMedium css-n0o87-MuiButtonBase-root-MuiButton-root"
        data-testid="month-view-button"
        tabindex="0"
        type="button"
      >
        Month
        <span
          class="MuiTouchRipple-root css-8je8zh-MuiTouchRipple-root"
        >
          <span
            class="css-y4cjyz-MuiTouchRipple-ripple MuiTouchRipple-ripple MuiTouchRipple-rippleVisible"
            style="width: 2.8284271247461903px; height: 2.8284271247461903px; top: -1.4142135623730951px; left: -1.4142135623730951px;"
          >
            <span
              class="MuiTouchRipple-child MuiTouchRipple-childLeaving"
            />
          </span>
        </span>
      </button>
    </div>
  </body>,
  "container": <div>
    <button
      class="MuiButtonBase-root MuiButton-root MuiButton-text MuiButton-textPrimary MuiButton-sizeMedium MuiButton-textSizeMedium MuiButton-root MuiButton-text MuiButton-textPrimary MuiButton-sizeMedium MuiButton-textSizeMedium css-n0o87-MuiButtonBase-root-MuiButton-root"
      data-testid="day-view-button"
      tabindex="0"
      type="button"
    >
      Day
      <span
        class="MuiTouchRipple-root css-8je8zh-MuiTouchRipple-root"
      >
        <span
          class="css-y4cjyz-MuiTouchRipple-ripple MuiTouchRipple-ripple MuiTouchRipple-rippleVisible"
          style="width: 2.8284271247461903px; height: 2.8284271247461903px; top: -1.4142135623730951px; left: -1.4142135623730951px;"
        >
          <span
            class="MuiTouchRipple-child MuiTouchRipple-childLeaving"
          />
        </span>
      </span>
    </button>
    <button
      class="MuiButtonBase-root MuiButton-root MuiButton-text MuiButton-textPrimary MuiButton-sizeMedium MuiButton-textSizeMedium MuiButton-root MuiButton-text MuiButton-textPrimary MuiButton-sizeMedium MuiButton-textSizeMedium css-n0o87-MuiButtonBase-root-MuiButton-root"
      data-testid="3days-view-button"
      tabindex="0"
      type="button"
    >
      3 Days
      <span
        class="MuiTouchRipple-root css-8je8zh-MuiTouchRipple-root"
      >
        <span
          class="css-y4cjyz-MuiTouchRipple-ripple MuiTouchRipple-ripple MuiTouchRipple-rippleVisible"
          style="width: 2.8284271247461903px; height: 2.8284271247461903px; top: -1.4142135623730951px; left: -1.4142135623730951px;"
        >
          <span
            class="MuiTouchRipple-child MuiTouchRipple-childLeaving"
          />
        </span>
      </span>
    </button>
    <button
      class="MuiButtonBase-root MuiButton-root MuiButton-text MuiButton-textPrimary MuiButton-sizeMedium MuiButton-textSizeMedium MuiButton-root MuiButton-text MuiButton-textPrimary MuiButton-sizeMedium MuiButton-textSizeMedium css-n0o87-MuiButtonBase-root-MuiButton-root"
      data-testid="week-view-button"
      tabindex="0"
      type="button"
    >
      Week
      <span
        class="MuiTouchRipple-root css-8je8zh-MuiTouchRipple-root"
      >
        <span
          class="css-y4cjyz-MuiTouchRipple-ripple MuiTouchRipple-ripple MuiTouchRipple-rippleVisible"
          style="width: 2.8284271247461903px; height: 2.8284271247461903px; top: -1.4142135623730951px; left: -1.4142135623730951px;"
        >
          <span
            class="MuiTouchRipple-child MuiTouchRipple-childLeaving"
          />
        </span>
      </span>
    </button>
    <button
      class="MuiButtonBase-root MuiButton-root MuiButton-text MuiButton-textPrimary MuiButton-sizeMedium MuiButton-textSizeMedium MuiButton-root MuiButton-text MuiButton-textPrimary MuiButton-sizeMedium MuiButton-textSizeMedium css-n0o87-MuiButtonBase-root-MuiButton-root"
      data-testid="month-view-button"
      tabindex="0"
      type="button"
    >
      Month
      <span
        class="MuiTouchRipple-root css-8je8zh-MuiTouchRipple-root"
      >
        <span
          class="css-y4cjyz-MuiTouchRipple-ripple MuiTouchRipple-ripple MuiTouchRipple-rippleVisible"
          style="width: 2.8284271247461903px; height: 2.8284271247461903px; top: -1.4142135623730951px; left: -1.4142135623730951px;"
        >
          <span
            class="MuiTouchRipple-child MuiTouchRipple-childLeaving"
          />
        </span>
      </span>
    </button>
  </div>,
  "debug": [Function],
  "findAllByAltText": [Function],
  "findAllByDisplayValue": [Function],
  "findAllByLabelText": [Function],
  "findAllByPlaceholderText": [Function],
  "findAllByRole": [Function],
  "findAllByTestId": [Function],
  "findAllByText": [Function],
  "findAllByTitle": [Function],
  "findByAltText": [Function],
  "findByDisplayValue": [Function],
  "findByLabelText": [Function],
  "findByPlaceholderText": [Function],
  "findByRole": [Function],
  "findByTestId": [Function],
  "findByText": [Function],
  "findByTitle": [Function],
  "getAllByAltText": [Function],
  "getAllByDisplayValue": [Function],
  "getAllByLabelText": [Function],
  "getAllByPlaceholderText": [Function],
  "getAllByRole": [Function],
  "getAllByTestId": [Function],
  "getAllByText": [Function],
  "getAllByTitle": [Function],
  "getByAltText": [Function],
  "getByDisplayValue": [Function],
  "getByLabelText": [Function],
  "getByPlaceholderText": [Function],
  "getByRole": [Function],
  "getByTestId": [Function],
  "getByText": [Function],
  "getByTitle": [Function],
  "queryAllByAltText": [Function],
  "queryAllByDisplayValue": [Function],
  "queryAllByLabelText": [Function],
  "queryAllByPlaceholderText": [Function],
  "queryAllByRole": [Function],
  "queryAllByTestId": [Function],
  "queryAllByText": [Function],
  "queryAllByTitle": [Function],
  "queryByAltText": [Function],
  "queryByDisplayValue": [Function],
  "queryByLabelText": [Function],
  "queryByPlaceholderText": [Function],
  "queryByRole": [Function],
  "queryByTestId": [Function],
  "queryByText": [Function],
  "queryByTitle": [Function],
  "rerender": [Function],
  "unmount": [Function],
}
`;

exports[`<ChooseDisplay /> should display a ChooseDisplay which update variable week 1`] = `
{
  "asFragment": [Function],
  "baseElement": <body>
    <div>
      <button
        class="MuiButtonBase-root MuiButton-root MuiButton-text MuiButton-textPrimary MuiButton-sizeMedium MuiButton-textSizeMedium MuiButton-root MuiButton-text MuiButton-textPrimary MuiButton-sizeMedium MuiButton-textSizeMedium css-n0o87-MuiButtonBase-root-MuiButton-root"
        data-testid="day-view-button"
        tabindex="0"
        type="button"
      >
        Day
        <span
          class="MuiTouchRipple-root css-8je8zh-MuiTouchRipple-root"
        >
          <span
            class="css-y4cjyz-MuiTouchRipple-ripple MuiTouchRipple-ripple MuiTouchRipple-rippleVisible"
            style="width: 2.8284271247461903px; height: 2.8284271247461903px; top: -1.4142135623730951px; left: -1.4142135623730951px;"
          >
            <span
              class="MuiTouchRipple-child MuiTouchRipple-childLeaving"
            />
          </span>
        </span>
      </button>
      <button
        class="MuiButtonBase-root MuiButton-root MuiButton-text MuiButton-textPrimary MuiButton-sizeMedium MuiButton-textSizeMedium MuiButton-root MuiButton-text MuiButton-textPrimary MuiButton-sizeMedium MuiButton-textSizeMedium css-n0o87-MuiButtonBase-root-MuiButton-root"
        data-testid="3days-view-button"
        tabindex="0"
        type="button"
      >
        3 Days
        <span
          class="MuiTouchRipple-root css-8je8zh-MuiTouchRipple-root"
        >
          <span
            class="css-y4cjyz-MuiTouchRipple-ripple MuiTouchRipple-ripple MuiTouchRipple-rippleVisible"
            style="width: 2.8284271247461903px; height: 2.8284271247461903px; top: -1.4142135623730951px; left: -1.4142135623730951px;"
          >
            <span
              class="MuiTouchRipple-child MuiTouchRipple-childLeaving"
            />
          </span>
        </span>
      </button>
      <button
        class="MuiButtonBase-root MuiButton-root MuiButton-text MuiButton-textPrimary MuiButton-sizeMedium MuiButton-textSizeMedium MuiButton-root MuiButton-text MuiButton-textPrimary MuiButton-sizeMedium MuiButton-textSizeMedium css-n0o87-MuiButtonBase-root-MuiButton-root"
        data-testid="week-view-button"
        tabindex="0"
        type="button"
      >
        Week
        <span
          class="MuiTouchRipple-root css-8je8zh-MuiTouchRipple-root"
        >
          <span
            class="css-y4cjyz-MuiTouchRipple-ripple MuiTouchRipple-ripple MuiTouchRipple-rippleVisible"
            style="width: 2.8284271247461903px; height: 2.8284271247461903px; top: -1.4142135623730951px; left: -1.4142135623730951px;"
          >
            <span
              class="MuiTouchRipple-child MuiTouchRipple-childLeaving"
            />
          </span>
        </span>
      </button>
      <button
        class="MuiButtonBase-root MuiButton-root MuiButton-text MuiButton-textPrimary MuiButton-sizeMedium MuiButton-textSizeMedium MuiButton-root MuiButton-text MuiButton-textPrimary MuiButton-sizeMedium MuiButton-textSizeMedium css-n0o87-MuiButtonBase-root-MuiButton-root"
        data-testid="month-view-button"
        tabindex="0"
        type="button"
      >
        Month
        <span
          class="MuiTouchRipple-root css-8je8zh-MuiTouchRipple-root"
        >
          <span
            class="css-y4cjyz-MuiTouchRipple-ripple MuiTouchRipple-ripple MuiTouchRipple-rippleVisible"
            style="width: 2.8284271247461903px; height: 2.8284271247461903px; top: -1.4142135623730951px; left: -1.4142135623730951px;"
          >
            <span
              class="MuiTouchRipple-child MuiTouchRipple-childLeaving"
            />
          </span>
        </span>
      </button>
    </div>
  </body>,
  "container": <div>
    <button
      class="MuiButtonBase-root MuiButton-root MuiButton-text MuiButton-textPrimary MuiButton-sizeMedium MuiButton-textSizeMedium MuiButton-root MuiButton-text MuiButton-textPrimary MuiButton-sizeMedium MuiButton-textSizeMedium css-n0o87-MuiButtonBase-root-MuiButton-root"
      data-testid="day-view-button"
      tabindex="0"
      type="button"
    >
      Day
      <span
        class="MuiTouchRipple-root css-8je8zh-MuiTouchRipple-root"
      >
        <span
          class="css-y4cjyz-MuiTouchRipple-ripple MuiTouchRipple-ripple MuiTouchRipple-rippleVisible"
          style="width: 2.8284271247461903px; height: 2.8284271247461903px; top: -1.4142135623730951px; left: -1.4142135623730951px;"
        >
          <span
            class="MuiTouchRipple-child MuiTouchRipple-childLeaving"
          />
        </span>
      </span>
    </button>
    <button
      class="MuiButtonBase-root MuiButton-root MuiButton-text MuiButton-textPrimary MuiButton-sizeMedium MuiButton-textSizeMedium MuiButton-root MuiButton-text MuiButton-textPrimary MuiButton-sizeMedium MuiButton-textSizeMedium css-n0o87-MuiButtonBase-root-MuiButton-root"
      data-testid="3days-view-button"
      tabindex="0"
      type="button"
    >
      3 Days
      <span
        class="MuiTouchRipple-root css-8je8zh-MuiTouchRipple-root"
      >
        <span
          class="css-y4cjyz-MuiTouchRipple-ripple MuiTouchRipple-ripple MuiTouchRipple-rippleVisible"
          style="width: 2.8284271247461903px; height: 2.8284271247461903px; top: -1.4142135623730951px; left: -1.4142135623730951px;"
        >
          <span
            class="MuiTouchRipple-child MuiTouchRipple-childLeaving"
          />
        </span>
      </span>
    </button>
    <button
      class="MuiButtonBase-root MuiButton-root MuiButton-text MuiButton-textPrimary MuiButton-sizeMedium MuiButton-textSizeMedium MuiButton-root MuiButton-text MuiButton-textPrimary MuiButton-sizeMedium MuiButton-textSizeMedium css-n0o87-MuiButtonBase-root-MuiButton-root"
      data-testid="week-view-button"
      tabindex="0"
      type="button"
    >
      Week
      <span
        class="MuiTouchRipple-root css-8je8zh-MuiTouchRipple-root"
      >
        <span
          class="css-y4cjyz-MuiTouchRipple-ripple MuiTouchRipple-ripple MuiTouchRipple-rippleVisible"
          style="width: 2.8284271247461903px; height: 2.8284271247461903px; top: -1.4142135623730951px; left: -1.4142135623730951px;"
        >
          <span
            class="MuiTouchRipple-child MuiTouchRipple-childLeaving"
          />
        </span>
      </span>
    </button>
    <button
      class="MuiButtonBase-root MuiButton-root MuiButton-text MuiButton-textPrimary MuiButton-sizeMedium MuiButton-textSizeMedium MuiButton-root MuiButton-text MuiButton-textPrimary MuiButton-sizeMedium MuiButton-textSizeMedium css-n0o87-MuiButtonBase-root-MuiButton-root"
      data-testid="month-view-button"
      tabindex="0"
      type="button"
    >
      Month
      <span
        class="MuiTouchRipple-root css-8je8zh-MuiTouchRipple-root"
      >
        <span
          class="css-y4cjyz-MuiTouchRipple-ripple MuiTouchRipple-ripple MuiTouchRipple-rippleVisible"
          style="width: 2.8284271247461903px; height: 2.8284271247461903px; top: -1.4142135623730951px; left: -1.4142135623730951px;"
        >
          <span
            class="MuiTouchRipple-child MuiTouchRipple-childLeaving"
          />
        </span>
      </span>
    </button>
  </div>,
  "debug": [Function],
  "findAllByAltText": [Function],
  "findAllByDisplayValue": [Function],
  "findAllByLabelText": [Function],
  "findAllByPlaceholderText": [Function],
  "findAllByRole": [Function],
  "findAllByTestId": [Function],
  "findAllByText": [Function],
  "findAllByTitle": [Function],
  "findByAltText": [Function],
  "findByDisplayValue": [Function],
  "findByLabelText": [Function],
  "findByPlaceholderText": [Function],
  "findByRole": [Function],
  "findByTestId": [Function],
  "findByText": [Function],
  "findByTitle": [Function],
  "getAllByAltText": [Function],
  "getAllByDisplayValue": [Function],
  "getAllByLabelText": [Function],
  "getAllByPlaceholderText": [Function],
  "getAllByRole": [Function],
  "getAllByTestId": [Function],
  "getAllByText": [Function],
  "getAllByTitle": [Function],
  "getByAltText": [Function],
  "getByDisplayValue": [Function],
  "getByLabelText": [Function],
  "getByPlaceholderText": [Function],
  "getByRole": [Function],
  "getByTestId": [Function],
  "getByText": [Function],
  "getByTitle": [Function],
  "queryAllByAltText": [Function],
  "queryAllByDisplayValue": [Function],
  "queryAllByLabelText": [Function],
  "queryAllByPlaceholderText": [Function],
  "queryAllByRole": [Function],
  "queryAllByTestId": [Function],
  "queryAllByText": [Function],
  "queryAllByTitle": [Function],
  "queryByAltText": [Function],
  "queryByDisplayValue": [Function],
  "queryByLabelText": [Function],
  "queryByPlaceholderText": [Function],
  "queryByRole": [Function],
  "queryByTestId": [Function],
  "queryByText": [Function],
  "queryByTitle": [Function],
  "rerender": [Function],
  "unmount": [Function],
}
`;
