// Jest Snapshot v1, https://goo.gl/fbAQLP

exports[`Home page should render correctly 1`] = `
<DocumentFragment>
  <div
    class="MuiContainer-root MuiContainer-maxWidthLg css-r96aq8-MuiContainer-root"
  >
    <h1
      class="MuiTypography-root MuiTypography-h1 css-11v5353-MuiTypography-root"
    >
      Legal Notice
    </h1>
    <h4
      class="MuiTypography-root MuiTypography-h4 css-1amwp23-MuiTypography-root"
    >
      Website publisher
    </h4>
    <div
      class="MuiTypography-root MuiTypography-body1 MuiTypography-paragraph css-1eygakl-MuiTypography-root"
    >
      The Nantral Platform website is developed by the 3CN club, affiliated with the AECN (ASSOCIATION DES ÉTUDIANTS DE L'ÉCOLE CENTRALE DE NANTES). Responsibility for the content of the website lies with the AECN, which also ensures its funding and management.
    </div>
    <div
      class="MuiTypography-root MuiTypography-body1 MuiTypography-paragraph css-1eygakl-MuiTypography-root"
    >
      The address of the AECN is as follows:
      <div
        class="MuiTypography-root MuiTypography-body1 MuiTypography-paragraph css-1qg2aev-MuiTypography-root"
      >
        <p
          class="MuiTypography-root MuiTypography-body1 css-5fg32r-MuiTypography-root"
        >
          ASSOCIATION DES ÉTUDIANTS DE L'ÉCOLE CENTRALE DE NANTES 
          <br />
          1 rue de la Noë 
          <br />
          44300 Nantes 
          <br />
          France 
          <br />
        </p>
      </div>
      In particular, the site team is under the direction of: 
      <ul
        class="MuiList-root MuiList-padding MuiList-dense css-h4y409-MuiList-root"
      >
        <li
          class="MuiListItem-root MuiListItem-dense MuiListItem-gutters MuiListItem-padding css-1g0nj9f-MuiListItem-root"
        >
          | Victoire GUTH - AECN President ;
        </li>
        <li
          class="MuiListItem-root MuiListItem-dense MuiListItem-gutters MuiListItem-padding css-1g0nj9f-MuiListItem-root"
        >
          | Bastien PAGEAUD - Director of Information Systems at AECN ;
        </li>
        <li
          class="MuiListItem-root MuiListItem-dense MuiListItem-gutters MuiListItem-padding css-1g0nj9f-MuiListItem-root"
        >
          | Jean Benoît GRIMALDI - 3CN President.
        </li>
      </ul>
    </div>
    <h4
      class="MuiTypography-root MuiTypography-h4 css-1amwp23-MuiTypography-root"
    >
      Hosting provider
    </h4>
    <div
      class="MuiTypography-root MuiTypography-body1 MuiTypography-paragraph css-1eygakl-MuiTypography-root"
    >
      The website is hosted by OVH SAS, whose registered office is located at the following address:
      <div
        class="MuiTypography-root MuiTypography-body1 MuiTypography-paragraph css-1qg2aev-MuiTypography-root"
      >
        <p
          class="MuiTypography-root MuiTypography-body1 css-5fg32r-MuiTypography-root"
        >
          2 rue Kellermann 
          <br />
          59100 Roubaix 
          <br />
          France 
          <br />
        </p>
      </div>
    </div>
    <h4
      class="MuiTypography-root MuiTypography-h4 css-1amwp23-MuiTypography-root"
    >
      Intellectual property
    </h4>
    <div
      class="MuiTypography-root MuiTypography-body1 MuiTypography-paragraph css-1eygakl-MuiTypography-root"
    >
      The source code of this website is the property of the 3CN club, affiliated with the AECN. Unless otherwise stated, all elements accessible on the website (texts, images, logos, icons, sounds, software, etc.) remain the exclusive property of their respective authors with regard to intellectual property rights or usage rights. Any reproduction, representation, modification, publication or adaptation of all or part of the elements of the website, by any means or process whatsoever, is prohibited without the prior authorization of the author. Any unauthorized use of the website or any of its elements may constitute an infringement and may result in legal action.
    </div>
    <h4
      class="MuiTypography-root MuiTypography-h4 css-1amwp23-MuiTypography-root"
    >
      Personal data
    </h4>
    <div
      class="MuiTypography-root MuiTypography-body1 MuiTypography-paragraph css-1eygakl-MuiTypography-root"
    >
      Personal data collected are used solely for the proper functioning of Nantral Platform. Access to such data is strictly limited to their owner and to persons expressly authorized by the board of directors of the AECN.
    </div>
    <div
      class="MuiTypography-root MuiTypography-body1 MuiTypography-paragraph css-1eygakl-MuiTypography-root"
    >
      For any questions or requests regarding personal data, you may contact us at the following email address: 
      <a
        class="MuiTypography-root MuiTypography-inherit MuiLink-root MuiLink-underlineAlways css-18z7zy0-MuiTypography-root-MuiLink-root"
        href="mailto:contact@nantral-platform.fr"
      >
        contact@nantral-platform.fr
      </a>
      .
    </div>
  </div>
</DocumentFragment>
`;
